============================= test session starts =============================
platform win32 -- Python 3.9.1, pytest-8.4.2, pluggy-1.6.0 -- C:\Users\bryan\AppData\Local\Programs\Python\Python39\python.exe
cachedir: .pytest_cache
rootdir: Z:\programming\mealie-backup
configfile: pytest.ini
plugins: timeout-2.4.0
timeout: 120.0s
timeout method: thread
timeout func_only: False
collecting ... collected 7 items

tests/test_docker_integration.py::TestDockerBuild::test_dockerfile_builds PASSED [ 14%]
tests/test_docker_integration.py::TestDockerContainerRuntime::test_container_starts_without_permission_errors 
------------------------------- live log setup --------------------------------
INFO     tests.test_docker_integration:test_docker_integration.py:103 Building Docker image: mealie-backup:test
INFO     tests.test_docker_integration:test_docker_integration.py:111 Successfully built image: mealie-backup:test
PASSED                                                                   [ 28%]
tests/test_docker_integration.py::TestDockerContainerRuntime::test_configuration_validates_on_startup PASSED [ 42%]
tests/test_docker_integration.py::TestDockerContainerRuntime::test_missing_mealie_url_fails_validation PASSED [ 57%]
tests/test_docker_integration.py::TestDockerContainerRuntime::test_invalid_cron_schedule_fails PASSED [ 71%]
tests/test_docker_integration.py::TestDockerContainerRuntime::test_scheduler_starts_with_valid_config PASSED [ 85%]
tests/test_docker_integration.py::TestDockerContainerRuntime::test_no_permission_errors_in_container PASSED [100%]
------------------------------ live log teardown ------------------------------
INFO     tests.test_docker_integration:test_docker_integration.py:115 Fixture cleanup: removing containers and image

INFO     tests.test_docker_integration:test_docker_integration.py:56 Killing any orphaned containers from mealie-backup:test
INFO     tests.test_docker_integration:test_docker_integration.py:70 No orphaned containers found
INFO     tests.test_docker_integration:test_docker_integration.py:44 Cleaning up Docker image: mealie-backup:test
INFO     tests.test_docker_integration:test_docker_integration.py:51 Successfully removed image: mealie-backup:test
INFO     tests.test_docker_integration:test_docker_integration.py:96 Running cleanup after test class
INFO     tests.test_docker_integration:test_docker_integration.py:56 Killing any orphaned containers from mealie-backup:test
INFO     tests.test_docker_integration:test_docker_integration.py:70 No orphaned containers found
INFO     tests.test_docker_integration:test_docker_integration.py:44 Cleaning up Docker image: mealie-backup:test
INFO     tests.test_docker_integration:test_docker_integration.py:19 ============================================================
INFO     tests.test_docker_integration:test_docker_integration.py:20 SESSION CLEANUP: Removing all test Docker resources
INFO     tests.test_docker_integration:test_docker_integration.py:21 ============================================================
INFO     tests.test_docker_integration:test_docker_integration.py:56 Killing any orphaned containers from mealie-backup:test
INFO     tests.test_docker_integration:test_docker_integration.py:70 No orphaned containers found
INFO     tests.test_docker_integration:test_docker_integration.py:44 Cleaning up Docker image: mealie-backup:test
INFO     tests.test_docker_integration:test_docker_integration.py:24 Session cleanup complete


============================= 7 passed in 16.80s ==============================
